<testsuite errors="0" failures="0" name="Django Project Tests" skips="0" tests="4" time="0.016"><testcase classname="apps.account.tests.PersonaTestCase" name="test_personas_have_apell" time="0.015625" /><testcase classname="apps.almacen.tests.ProductoTestCase" name="test_product_pays_product" time="0.000000" /><testcase classname="apps.kaja.tests.CargoTestCase" name="test_Cargos_do_depos" time="0.000000" /><testcase classname="apps.pagopersonal.tests.PagoPersonalTestCase" name="test_pago_pay_money" time="0.000000" /></testsuite>